test_paired_group_bootstrap_constant_delta (test_calibration.CalibrationTests.test_paired_group_bootstrap_constant_delta) ... ok
test_stable_extreme_logits_and_perfect_confidence_last_bin (test_calibration.CalibrationTests.test_stable_extreme_logits_and_perfect_confidence_last_bin) ... ok
test_temperature_uses_validation_only_and_preserves_argmax (test_calibration.CalibrationTests.test_temperature_uses_validation_only_and_preserves_argmax) ... ok
test_all_conditions_pool_identical_source_nodes_and_keep_gaps (test_cue_ablation.CueAblationTests.test_all_conditions_pool_identical_source_nodes_and_keep_gaps) ... ok
test_intervention_preserves_input_and_separates_hand_pair (test_cue_ablation.CueAblationTests.test_intervention_preserves_input_and_separates_hand_pair) ... ok
test_partial_child_cannot_trigger_readouts_or_automatic_retry (test_cue_ablation.CueAblationTests.test_partial_child_cannot_trigger_readouts_or_automatic_retry) ... ok
test_partial_feature_attempt_cannot_fit_or_evaluate (test_cue_ablation.CueAblationTests.test_partial_feature_attempt_cannot_fit_or_evaluate) ... ok
test_all_views_map_to_same_recording_and_only_frontal_is_selected (test_dai.DAIMappingTests.test_all_views_map_to_same_recording_and_only_frontal_is_selected) ... ok
test_ambiguity_does_not_choose_first_video (test_dai.DAIMappingTests.test_ambiguity_does_not_choose_first_video) ... ok
test_translation_match_requires_recording_identity (test_dai.DAIMappingTests.test_translation_match_requires_recording_identity) ... ok
test_capacity_wait_starts_no_cpu_or_gpu_child (test_disk_recovery.DiskRecoveryTests.test_capacity_wait_starts_no_cpu_or_gpu_child) ... ok
test_incomplete_cpu_stage_stops_before_gpu_and_never_retries (test_disk_recovery.DiskRecoveryTests.test_incomplete_cpu_stage_stops_before_gpu_and_never_retries) ... ok
test_missing_internal_frames_keep_positions_and_are_zeroed (test_fair_common.FairCommonTests.test_missing_internal_frames_keep_positions_and_are_zeroed) ... ok
test_partial_or_failed_native_cache_cannot_be_declared_ready (test_fair_common.FairCommonTests.test_partial_or_failed_native_cache_cannot_be_declared_ready) ... ok
test_live_status_overrides_stale_partial_report (test_fair_ncslgr.FairNativeGrammarTests.test_live_status_overrides_stale_partial_report) ... ok
test_loss_of_class_support_stops_before_fit_and_records_exclusion (test_fair_ncslgr.FairNativeGrammarTests.test_loss_of_class_support_stops_before_fit_and_records_exclusion) ... ok
test_sparse_clock_gaps_retained_and_identical_population (test_fair_ncslgr.FairNativeGrammarTests.test_sparse_clock_gaps_retained_and_identical_population) ... ok
test_empty_targets_retained_and_invalid_query_policy_rejected (test_grounding.GroundingTests.test_empty_targets_retained_and_invalid_query_policy_rejected) ... ok
test_missing_token_gap_keeps_source_clock_and_duration_policy (test_grounding.GroundingTests.test_missing_token_gap_keeps_source_clock_and_duration_policy) ... ok
test_nms_duplicate_hits_and_disjoint_occurrences (test_grounding.GroundingTests.test_nms_duplicate_hits_and_disjoint_occurrences) ... ok
test_one_to_one_ap_duplicates_negatives_and_boundaries (test_grounding.GroundingTests.test_one_to_one_ap_duplicates_negatives_and_boundaries) ... ok
test_recording_bootstrap_keeps_grouped_positives_and_absences (test_grounding.GroundingTests.test_recording_bootstrap_keeps_grouped_positives_and_absences) ... ok
test_runner_rejects_unverified_mapping_absence_and_test_selection (test_grounding.GroundingTests.test_runner_rejects_unverified_mapping_absence_and_test_selection) ... ok
test_subsequence_finds_middle_and_covers_entire_query (test_grounding.GroundingTests.test_subsequence_finds_middle_and_covers_entire_query) ... ok
test_synthetic_cli_end_to_end_keeps_empty_negative_and_pins_results (test_grounding.GroundingTests.test_synthetic_cli_end_to_end_keeps_empty_negative_and_pins_results) ... ok
test_bad_timestamp_nan_and_outside_duration (test_integrity.IntegrityTests.test_bad_timestamp_nan_and_outside_duration) ... ok
test_cache_changes_when_source_config_or_code_changes (test_integrity.IntegrityTests.test_cache_changes_when_source_config_or_code_changes) ... ok
test_constructor_cannot_execute_calls (test_integrity.IntegrityTests.test_constructor_cannot_execute_calls) ... ok
test_grouped_camera_views_cannot_cross_splits (test_integrity.IntegrityTests.test_grouped_camera_views_cannot_cross_splits) ... ok
test_partial_or_corrupt_shard_cannot_resume (test_integrity.IntegrityTests.test_partial_or_corrupt_shard_cannot_resume) ... ok
test_pdf_header_alone_is_not_complete_download_evidence (test_integrity.IntegrityTests.test_pdf_header_alone_is_not_complete_download_evidence) ... ok
test_symlink_path_escape_is_rejected (test_integrity.IntegrityTests.test_symlink_path_escape_is_rejected) ... ok
test_unknown_groups_do_not_pass_clean_transfer (test_integrity.IntegrityTests.test_unknown_groups_do_not_pass_clean_transfer) ... ok
test_window_padding_and_tail_have_correct_time_support (test_integrity.IntegrityTests.test_window_padding_and_tail_have_correct_time_support) ... ok
test_controls_match_active_parameter_budget_and_ignore_padding (test_interval_readouts.IntervalTests.test_controls_match_active_parameter_budget_and_ignore_padding) ... ok
test_iou_uses_original_clock_and_rejects_invalid_gold (test_interval_readouts.IntervalTests.test_iou_uses_original_clock_and_rejects_invalid_gold) ... ok
test_macro_handles_class_imbalance_and_seed_mean (test_interval_readouts.IntervalTests.test_macro_handles_class_imbalance_and_seed_mean) ... ok
test_resume_rejects_changed_identity_failed_clip_and_escape (test_native_cache.NativeCacheIntegrity.test_resume_rejects_changed_identity_failed_clip_and_escape) ... ok
test_resume_rejects_stale_input_and_corrupt_intermediate (test_native_cache.NativeCacheIntegrity.test_resume_rejects_stale_input_and_corrupt_intermediate) ... ok
test_duplicate_utterance_cannot_silently_overwrite_gold (test_ncslgr.NCSLGRTests.test_duplicate_utterance_cannot_silently_overwrite_gold) ... ok
test_dynamic_field_ids_offsets_and_no_inferred_absence (test_ncslgr.NCSLGRTests.test_dynamic_field_ids_offsets_and_no_inferred_absence) ... ok
test_end_frame_is_included_even_for_single_frame_event (test_ncslgr.NCSLGRTests.test_end_frame_is_included_even_for_single_frame_event) ... ok
test_xml_entities_are_not_expanded (test_ncslgr.NCSLGRTests.test_xml_entities_are_not_expanded) ... ok
test_empty_validation_population_records_counts_then_stops (test_ncslgr_author_pool.AuthorPoolingTests.test_empty_validation_population_records_counts_then_stops) ... ok
test_inconsistent_observation_mask_is_rejected (test_ncslgr_author_pool.AuthorPoolingTests.test_inconsistent_observation_mask_is_rejected) ... ok
test_partial_and_failed_native_reports_do_not_trigger_evaluation (test_ncslgr_author_pool.AuthorPoolingTests.test_partial_and_failed_native_reports_do_not_trigger_evaluation) ... ok
test_zero_observed_native_tokens_retained_without_forging_observations (test_ncslgr_author_pool.AuthorPoolingTests.test_zero_observed_native_tokens_retained_without_forging_observations) ... ok
test_macro_recall_is_not_pooled_accuracy (test_probes.ProbeTests.test_macro_recall_is_not_pooled_accuracy) ... ok
test_padding_cannot_change_readout_for_valid_tokens (test_probes.ProbeTests.test_padding_cannot_change_readout_for_valid_tokens) ... ok
test_pooling_excludes_invalid_windows (test_probes.ProbeTests.test_pooling_excludes_invalid_windows) ... ok
test_registered_temporal_capacities_match_linear_parameter_budget (test_probes.ProbeTests.test_registered_temporal_capacities_match_linear_parameter_budget) ... ok
test_length_and_invalid_candidate_are_explicit (test_scoring.TeacherForcedScoring.test_length_and_invalid_candidate_are_explicit) ... ok
test_padding_does_not_change_valid_token_nll (test_scoring.TeacherForcedScoring.test_padding_does_not_change_valid_token_nll) ... ok
test_candidate_swap_and_exact_ties_do_not_change_credit (test_semantic_pairs.SemanticPairsTests.test_candidate_swap_and_exact_ties_do_not_change_credit) ... ok
test_duplicate_pairs_do_not_overweight_utterance (test_semantic_pairs.SemanticPairsTests.test_duplicate_pairs_do_not_overweight_utterance) ... ok
test_wrong_video_uses_different_recording_and_unreviewed_gold_is_rejected (test_semantic_pairs.SemanticPairsTests.test_wrong_video_uses_different_recording_and_unreviewed_gold_is_rejected) ... ok
test_paired_identical_models_have_exact_zero_delta_interval (test_statistics.StatisticsTests.test_paired_identical_models_have_exact_zero_delta_interval) ... ok
test_pairing_rejects_coverage_or_gold_mismatch (test_statistics.StatisticsTests.test_pairing_rejects_coverage_or_gold_mismatch) ... ok
test_too_few_groups_or_resamples_are_unavailable (test_statistics.StatisticsTests.test_too_few_groups_or_resamples_are_unavailable) ... ok
test_weighted_macro_and_pooled_metrics_differ (test_statistics.StatisticsTests.test_weighted_macro_and_pooled_metrics_differ) ... ok
test_whole_recordings_are_resampled_as_units (test_statistics.StatisticsTests.test_whole_recordings_are_resampled_as_units) ... ok
test_invalid_presentation_clock_cannot_fall_back_to_fps (test_timestamps.SourceClock.test_invalid_presentation_clock_cannot_fall_back_to_fps) ... ok
test_variable_presentation_clock_keeps_offset_and_gaps (test_timestamps.SourceClock.test_variable_presentation_clock_keeps_offset_and_gaps) ... ok

----------------------------------------------------------------------
Ran 63 tests in 1.120s

OK
